EN ifidregisters NULL C:/Users/thinkpad/Desktop/resolution/cpu/IfIdRegisters.vhd sub00/vhpl04 1512492847
AR dcm behavioral C:/Users/thinkpad/Desktop/resolution/cpu/dcm.vhd sub00/vhpl51 1512492894
AR ifidregisters behavioral C:/Users/thinkpad/Desktop/resolution/cpu/IfIdRegisters.vhd sub00/vhpl05 1512492848
AR vga_controller behave C:/Users/thinkpad/Desktop/resolution/cpu/VGA_Controller.vhd sub00/vhpl45 1512492888
EN clock NULL C:/Users/thinkpad/Desktop/resolution/cpu/clock.vhd sub00/vhpl34 1512492877
AR pcregister behavioral C:/Users/thinkpad/Desktop/resolution/cpu/PCRegister.vhd sub00/vhpl01 1512492844
EN idexregisters NULL C:/Users/thinkpad/Desktop/resolution/cpu/IdExRegisters.vhd sub00/vhpl14 1512492857
AR fontrom fontrom_a C:/Users/thinkpad/Desktop/resolution/cpu/ipcore_dir/fontRom.vhd sub00/vhpl47 1512492890
AR pcadder behavioral C:/Users/thinkpad/Desktop/resolution/cpu/PCAdder.vhd sub00/vhpl03 1512492846
EN dcm NULL C:/Users/thinkpad/Desktop/resolution/cpu/dcm.vhd sub00/vhpl50 1512492893
AR idexregisters behavioral C:/Users/thinkpad/Desktop/resolution/cpu/IdExRegisters.vhd sub00/vhpl15 1512492858
AR hazarddetectionunit behavioral C:/Users/thinkpad/Desktop/resolution/cpu/HazardDetectionUnit.vhd sub00/vhpl29 1512492872
EN bmux NULL C:/Users/thinkpad/Desktop/resolution/cpu/BMux.vhd sub00/vhpl18 1512491576
AR pcmux behavioral C:/Users/thinkpad/Desktop/resolution/cpu/PCMux.vhd sub00/vhpl31 1512492874
AR clock behavioral C:/Users/thinkpad/Desktop/resolution/cpu/clock.vhd sub00/vhpl35 1512492878
AR registers behavioral C:/Users/thinkpad/Desktop/resolution/cpu/Registers.vhd sub00/vhpl11 1512492854
EN cpu NULL C:/Users/thinkpad/Desktop/resolution/cpu/cpu.vhd sub00/vhpl52 1512492895
EN memwbregisters NULL C:/Users/thinkpad/Desktop/resolution/cpu/MemWbRegisters.vhd sub00/vhpl26 1512492869
AR memoryunit behavioral C:/Users/thinkpad/Desktop/resolution/cpu/MemoryUnit.vhd sub00/vhpl33 1512492876
EN pcadder NULL C:/Users/thinkpad/Desktop/resolution/cpu/PCAdder.vhd sub00/vhpl02 1512492845
EN readreg2mux NULL C:/Users/thinkpad/Desktop/resolution/cpu/ReadReg2Mux.vhd sub00/vhpl42 1512492885
EN memoryunit NULL C:/Users/thinkpad/Desktop/resolution/cpu/MemoryUnit.vhd sub00/vhpl32 1512492875
AR cpu behavioral C:/Users/thinkpad/Desktop/resolution/cpu/cpu.vhd sub00/vhpl53 1512492896
EN hazarddetectionunit NULL C:/Users/thinkpad/Desktop/resolution/cpu/HazardDetectionUnit.vhd sub00/vhpl28 1512492871
AR rdmux behavioral C:/Users/thinkpad/Desktop/resolution/cpu/RdMux.vhd sub00/vhpl07 1512492850
AR forwardcontroller behavioral C:/Users/thinkpad/Desktop/resolution/cpu/ForwardController.vhd sub00/vhpl21 1512492864
AR bmux behavioral C:/Users/thinkpad/Desktop/resolution/cpu/BMux.vhd sub00/vhpl19 1512491577
EN structconflictunit NULL C:/Users/thinkpad/Desktop/resolution/cpu/StructConflictUnit.vhd sub00/vhpl36 1512492879
AR alumuxa behavioral C:/Users/thinkpad/Desktop/resolution/cpu/ALUMuxA.vhd sub00/vhpl17 1512492860
AR exmemregisters behavioral C:/Users/thinkpad/Desktop/resolution/cpu/ExMemRegisters.vhd sub00/vhpl25 1512492868
AR mfpcmux behavioral C:/Users/thinkpad/Desktop/resolution/cpu/MFPCMux.vhd sub00/vhpl39 1512492882
EN pcmux NULL C:/Users/thinkpad/Desktop/resolution/cpu/PCMux.vhd sub00/vhpl30 1512492873
AR readreg1mux behavioral C:/Users/thinkpad/Desktop/resolution/cpu/ReadReg1Mux.vhd sub00/vhpl41 1512492884
EN fontrom NULL C:/Users/thinkpad/Desktop/resolution/cpu/ipcore_dir/fontRom.vhd sub00/vhpl46 1512492889
EN mfpcmux NULL C:/Users/thinkpad/Desktop/resolution/cpu/MFPCMux.vhd sub00/vhpl38 1512492881
EN writedatamux NULL C:/Users/thinkpad/Desktop/resolution/cpu/WriteDataMux.vhd sub00/vhpl48 1512492891
AR structconflictunit behavioral C:/Users/thinkpad/Desktop/resolution/cpu/StructConflictUnit.vhd sub00/vhpl37 1512492880
EN exmemregisters NULL C:/Users/thinkpad/Desktop/resolution/cpu/ExMemRegisters.vhd sub00/vhpl24 1512492867
EN rdmux NULL C:/Users/thinkpad/Desktop/resolution/cpu/RdMux.vhd sub00/vhpl06 1512492849
EN readreg1mux NULL C:/Users/thinkpad/Desktop/resolution/cpu/ReadReg1Mux.vhd sub00/vhpl40 1512492883
EN vga_controller NULL C:/Users/thinkpad/Desktop/resolution/cpu/VGA_Controller.vhd sub00/vhpl44 1512492887
EN pcregister NULL C:/Users/thinkpad/Desktop/resolution/cpu/PCRegister.vhd sub00/vhpl00 1512492843
AR alu behavioral C:/Users/thinkpad/Desktop/resolution/cpu/ALU.vhd sub00/vhpl23 1512492866
EN forwardcontroller NULL C:/Users/thinkpad/Desktop/resolution/cpu/ForwardController.vhd sub00/vhpl20 1512492863
EN immeextendunit NULL C:/Users/thinkpad/Desktop/resolution/cpu/ImmeExtendUnit.vhd sub00/vhpl12 1512492855
EN controller NULL C:/Users/thinkpad/Desktop/resolution/cpu/Controller.vhd sub00/vhpl08 1512492851
AR readreg2mux behavioral C:/Users/thinkpad/Desktop/resolution/cpu/ReadReg2Mux.vhd sub00/vhpl43 1512492886
AR memwbregisters behavioral C:/Users/thinkpad/Desktop/resolution/cpu/MemWbRegisters.vhd sub00/vhpl27 1512492870
AR controller behavioral C:/Users/thinkpad/Desktop/resolution/cpu/Controller.vhd sub00/vhpl09 1512492852
EN alumuxa NULL C:/Users/thinkpad/Desktop/resolution/cpu/ALUMuxA.vhd sub00/vhpl16 1512492859
AR writedatamux behavioral C:/Users/thinkpad/Desktop/resolution/cpu/WriteDataMux.vhd sub00/vhpl49 1512492892
EN alumuxb NULL C:/Users/thinkpad/Desktop/resolution/cpu/BMux.vhd sub00/vhpl54 1512492861
EN registers NULL C:/Users/thinkpad/Desktop/resolution/cpu/Registers.vhd sub00/vhpl10 1512492853
EN alu NULL C:/Users/thinkpad/Desktop/resolution/cpu/ALU.vhd sub00/vhpl22 1512492865
AR alumuxb behavioral C:/Users/thinkpad/Desktop/resolution/cpu/BMux.vhd sub00/vhpl55 1512492862
AR immeextendunit behavioral C:/Users/thinkpad/Desktop/resolution/cpu/ImmeExtendUnit.vhd sub00/vhpl13 1512492856
