EN ifidregisters NULL C:/Users/thinkpad/Desktop/resolution/cpu/IfIdRegisters.vhd sub00/vhpl04 1512532583
AR dcm behavioral C:/Users/thinkpad/Desktop/resolution/cpu/dcm.vhd sub00/vhpl51 1512532632
AR ifidregisters behavioral C:/Users/thinkpad/Desktop/resolution/cpu/IfIdRegisters.vhd sub00/vhpl05 1512532584
AR vga_controller behave C:/Users/thinkpad/Desktop/resolution/cpu/VGA_Controller.vhd sub00/vhpl45 1512532624
EN clock NULL C:/Users/thinkpad/Desktop/resolution/cpu/clock.vhd sub00/vhpl34 1512532613
AR memwritedatamux behavioral C:/Users/thinkpad/Desktop/resolution/cpu/MemWriteDataMux.vhd sub00/vhpl57 1512532628
AR pcregister behavioral C:/Users/thinkpad/Desktop/resolution/cpu/PCRegister.vhd sub00/vhpl01 1512532580
EN idexregisters NULL C:/Users/thinkpad/Desktop/resolution/cpu/IdExRegisters.vhd sub00/vhpl14 1512532593
AR fontrom fontrom_a C:/Users/thinkpad/Desktop/resolution/cpu/ipcore_dir/fontRom.vhd sub00/vhpl47 1512532626
AR pcadder behavioral C:/Users/thinkpad/Desktop/resolution/cpu/PCAdder.vhd sub00/vhpl03 1512497678
EN dcm NULL C:/Users/thinkpad/Desktop/resolution/cpu/dcm.vhd sub00/vhpl50 1512532631
AR idexregisters behavioral C:/Users/thinkpad/Desktop/resolution/cpu/IdExRegisters.vhd sub00/vhpl15 1512532594
EN pcincrementer NULL C:/Users/thinkpad/Desktop/resolution/cpu/PCIncrementer.vhd sub00/vhpl58 1512532581
EN exememregisters NULL C:/Users/thinkpad/Desktop/resolution/cpu/ExeMemRegisters.vhd sub00/vhpl62 1512532603
AR hazarddetectionunit behavioral C:/Users/thinkpad/Desktop/resolution/cpu/HazardDetectionUnit.vhd sub00/vhpl29 1512532608
EN bmux NULL C:/Users/thinkpad/Desktop/resolution/cpu/BMux.vhd sub00/vhpl18 1512491576
AR pcmux behavioral C:/Users/thinkpad/Desktop/resolution/cpu/PCMux.vhd sub00/vhpl31 1512532610
AR clock behavioral C:/Users/thinkpad/Desktop/resolution/cpu/clock.vhd sub00/vhpl35 1512532614
AR registers behavioral C:/Users/thinkpad/Desktop/resolution/cpu/Registers.vhd sub00/vhpl11 1512532590
EN cpu NULL C:/Users/thinkpad/Desktop/resolution/cpu/cpu.vhd sub00/vhpl52 1512532633
EN memwbregisters NULL C:/Users/thinkpad/Desktop/resolution/cpu/MemWbRegisters.vhd sub00/vhpl26 1512532605
EN pcbranchadder NULL C:/Users/thinkpad/Desktop/resolution/cpu/PCBranchAdder.vhd sub00/vhpl60 1512532629
AR memoryunit behavioral C:/Users/thinkpad/Desktop/resolution/cpu/MemoryUnit.vhd sub00/vhpl33 1512532612
AR exememregisters behavioral C:/Users/thinkpad/Desktop/resolution/cpu/ExeMemRegisters.vhd sub00/vhpl63 1512532604
EN forwardingunit NULL C:/Users/thinkpad/Desktop/resolution/cpu/ForwardingUnit.vhd sub00/vhpl64 1512532599
EN pcadder NULL C:/Users/thinkpad/Desktop/resolution/cpu/PCAdder.vhd sub00/vhpl02 1512497677
EN readreg2mux NULL C:/Users/thinkpad/Desktop/resolution/cpu/ReadReg2Mux.vhd sub00/vhpl42 1512532621
EN memoryunit NULL C:/Users/thinkpad/Desktop/resolution/cpu/MemoryUnit.vhd sub00/vhpl32 1512532611
AR cpu behavioral C:/Users/thinkpad/Desktop/resolution/cpu/cpu.vhd sub00/vhpl53 1512532634
EN hazarddetectionunit NULL C:/Users/thinkpad/Desktop/resolution/cpu/HazardDetectionUnit.vhd sub00/vhpl28 1512532607
AR rdmux behavioral C:/Users/thinkpad/Desktop/resolution/cpu/RdMux.vhd sub00/vhpl07 1512532586
AR forwardcontroller behavioral C:/Users/thinkpad/Desktop/resolution/cpu/ForwardController.vhd sub00/vhpl21 1512529966
AR bmux behavioral C:/Users/thinkpad/Desktop/resolution/cpu/BMux.vhd sub00/vhpl19 1512491577
EN structconflictunit NULL C:/Users/thinkpad/Desktop/resolution/cpu/StructConflictUnit.vhd sub00/vhpl36 1512532615
AR alumuxa behavioral C:/Users/thinkpad/Desktop/resolution/cpu/ALUMuxA.vhd sub00/vhpl17 1512532596
AR exmemregisters behavioral C:/Users/thinkpad/Desktop/resolution/cpu/ExMemRegisters.vhd sub00/vhpl25 1512506034
AR mfpcmux behavioral C:/Users/thinkpad/Desktop/resolution/cpu/MFPCMux.vhd sub00/vhpl39 1512532618
EN pcmux NULL C:/Users/thinkpad/Desktop/resolution/cpu/PCMux.vhd sub00/vhpl30 1512532609
AR readreg1mux behavioral C:/Users/thinkpad/Desktop/resolution/cpu/ReadReg1Mux.vhd sub00/vhpl41 1512532620
EN fontrom NULL C:/Users/thinkpad/Desktop/resolution/cpu/ipcore_dir/fontRom.vhd sub00/vhpl46 1512532625
EN mfpcmux NULL C:/Users/thinkpad/Desktop/resolution/cpu/MFPCMux.vhd sub00/vhpl38 1512532617
EN writedatamux NULL C:/Users/thinkpad/Desktop/resolution/cpu/WriteDataMux.vhd sub00/vhpl48 1512492891
AR structconflictunit behavioral C:/Users/thinkpad/Desktop/resolution/cpu/StructConflictUnit.vhd sub00/vhpl37 1512532616
AR forwardingunit behavioral C:/Users/thinkpad/Desktop/resolution/cpu/ForwardingUnit.vhd sub00/vhpl65 1512532600
EN exmemregisters NULL C:/Users/thinkpad/Desktop/resolution/cpu/ExMemRegisters.vhd sub00/vhpl24 1512506033
EN rdmux NULL C:/Users/thinkpad/Desktop/resolution/cpu/RdMux.vhd sub00/vhpl06 1512532585
EN readreg1mux NULL C:/Users/thinkpad/Desktop/resolution/cpu/ReadReg1Mux.vhd sub00/vhpl40 1512532619
EN vga_controller NULL C:/Users/thinkpad/Desktop/resolution/cpu/VGA_Controller.vhd sub00/vhpl44 1512532623
EN pcregister NULL C:/Users/thinkpad/Desktop/resolution/cpu/PCRegister.vhd sub00/vhpl00 1512532579
AR alu behavioral C:/Users/thinkpad/Desktop/resolution/cpu/ALU.vhd sub00/vhpl23 1512532602
AR pcincrementer behavioral C:/Users/thinkpad/Desktop/resolution/cpu/PCIncrementer.vhd sub00/vhpl59 1512532582
EN forwardcontroller NULL C:/Users/thinkpad/Desktop/resolution/cpu/ForwardController.vhd sub00/vhpl20 1512529965
EN immeextendunit NULL C:/Users/thinkpad/Desktop/resolution/cpu/ImmeExtendUnit.vhd sub00/vhpl12 1512532591
EN controller NULL C:/Users/thinkpad/Desktop/resolution/cpu/Controller.vhd sub00/vhpl08 1512532587
EN memwritedatamux NULL C:/Users/thinkpad/Desktop/resolution/cpu/MemWriteDataMux.vhd sub00/vhpl56 1512532627
AR readreg2mux behavioral C:/Users/thinkpad/Desktop/resolution/cpu/ReadReg2Mux.vhd sub00/vhpl43 1512532622
AR memwbregisters behavioral C:/Users/thinkpad/Desktop/resolution/cpu/MemWbRegisters.vhd sub00/vhpl27 1512532606
AR pcbranchadder behavioral C:/Users/thinkpad/Desktop/resolution/cpu/PCBranchAdder.vhd sub00/vhpl61 1512532630
AR controller behavioral C:/Users/thinkpad/Desktop/resolution/cpu/Controller.vhd sub00/vhpl09 1512532588
EN alumuxa NULL C:/Users/thinkpad/Desktop/resolution/cpu/ALUMuxA.vhd sub00/vhpl16 1512532595
AR writedatamux behavioral C:/Users/thinkpad/Desktop/resolution/cpu/WriteDataMux.vhd sub00/vhpl49 1512492892
EN alumuxb NULL C:/Users/thinkpad/Desktop/resolution/cpu/ALUMuxB.vhd sub00/vhpl54 1512532597
EN registers NULL C:/Users/thinkpad/Desktop/resolution/cpu/Registers.vhd sub00/vhpl10 1512532589
EN alu NULL C:/Users/thinkpad/Desktop/resolution/cpu/ALU.vhd sub00/vhpl22 1512532601
AR alumuxb behavioral C:/Users/thinkpad/Desktop/resolution/cpu/ALUMuxB.vhd sub00/vhpl55 1512532598
AR immeextendunit behavioral C:/Users/thinkpad/Desktop/resolution/cpu/ImmeExtendUnit.vhd sub00/vhpl13 1512532592
