EN ifidregisters NULL C:/Users/nuonuo/Desktop/yjn/resolution/cpu/IfIdRegisters.vhd sub00/vhpl04 1512626206
AR dcm behavioral C:/Users/nuonuo/Desktop/yjn/resolution/cpu/dcm.vhd sub00/vhpl51 1512626255
AR ifidregisters behavioral C:/Users/nuonuo/Desktop/yjn/resolution/cpu/IfIdRegisters.vhd sub00/vhpl05 1512626207
EN clock NULL C:/Users/nuonuo/Desktop/yjn/resolution/cpu/clock.vhd sub00/vhpl34 1512626236
AR vga_controller behave C:/Users/nuonuo/Desktop/yjn/resolution/cpu/VGA_Controller.vhd sub00/vhpl45 1512626247
AR memwritedatamux behavioral C:/Users/nuonuo/Desktop/yjn/resolution/cpu/MemWriteDataMux.vhd sub00/vhpl57 1512626251
AR pcregister behavioral C:/Users/nuonuo/Desktop/yjn/resolution/cpu/PCRegister.vhd sub00/vhpl01 1512626203
EN idexregisters NULL C:/Users/thinkpad/Desktop/resolution/cpu/IdExRegisters.vhd sub00/vhpl14 1512545694
AR fontrom fontrom_a C:/Users/nuonuo/Desktop/yjn/resolution/cpu/ipcore_dir/fontRom.vhd sub00/vhpl47 1512626249
AR pcadder behavioral C:/Users/thinkpad/Desktop/resolution/cpu/PCAdder.vhd sub00/vhpl03 1512497678
EN dcm NULL C:/Users/nuonuo/Desktop/yjn/resolution/cpu/dcm.vhd sub00/vhpl50 1512626254
AR idexregisters behavioral C:/Users/thinkpad/Desktop/resolution/cpu/IdExRegisters.vhd sub00/vhpl15 1512545695
EN pcincrementer NULL C:/Users/nuonuo/Desktop/yjn/resolution/cpu/PCIncrementer.vhd sub00/vhpl58 1512626204
EN idexeregisters NULL C:/Users/nuonuo/Desktop/yjn/resolution/cpu/IdExeRegisters.vhd sub00/vhpl66 1512626216
EN exememregisters NULL C:/Users/nuonuo/Desktop/yjn/resolution/cpu/ExeMemRegisters.vhd sub00/vhpl62 1512626226
AR hazarddetectionunit behavioral C:/Users/nuonuo/Desktop/yjn/resolution/cpu/HazardDetectionUnit.vhd sub00/vhpl29 1512626231
EN bmux NULL C:/Users/thinkpad/Desktop/resolution/cpu/BMux.vhd sub00/vhpl18 1512491576
AR readdstmux behavioral C:/Users/nuonuo/Desktop/yjn/resolution/cpu/RdMux.vhd sub00/vhpl69 1512626209
AR pcmux behavioral C:/Users/nuonuo/Desktop/yjn/resolution/cpu/PCMux.vhd sub00/vhpl31 1512626233
AR clock behavioral C:/Users/nuonuo/Desktop/yjn/resolution/cpu/clock.vhd sub00/vhpl35 1512626237
AR registers behavioral C:/Users/nuonuo/Desktop/yjn/resolution/cpu/Registers.vhd sub00/vhpl11 1512626213
EN cpu NULL C:/Users/nuonuo/Desktop/yjn/resolution/cpu/cpu.vhd sub00/vhpl52 1512626256
EN memwbregisters NULL C:/Users/nuonuo/Desktop/yjn/resolution/cpu/MemWbRegisters.vhd sub00/vhpl26 1512626228
EN pcbranchadder NULL C:/Users/nuonuo/Desktop/yjn/resolution/cpu/PCBranchAdder.vhd sub00/vhpl60 1512626252
AR memoryunit behavioral C:/Users/nuonuo/Desktop/yjn/resolution/cpu/MemoryUnit.vhd sub00/vhpl33 1512626235
AR exememregisters behavioral C:/Users/nuonuo/Desktop/yjn/resolution/cpu/ExeMemRegisters.vhd sub00/vhpl63 1512626227
EN forwardingunit NULL C:/Users/nuonuo/Desktop/yjn/resolution/cpu/ForwardingUnit.vhd sub00/vhpl64 1512626222
EN pcadder NULL C:/Users/thinkpad/Desktop/resolution/cpu/PCAdder.vhd sub00/vhpl02 1512497677
EN readreg2mux NULL C:/Users/nuonuo/Desktop/yjn/resolution/cpu/ReadReg2Mux.vhd sub00/vhpl42 1512626244
EN memoryunit NULL C:/Users/nuonuo/Desktop/yjn/resolution/cpu/MemoryUnit.vhd sub00/vhpl32 1512626234
AR cpu behavioral C:/Users/nuonuo/Desktop/yjn/resolution/cpu/cpu.vhd sub00/vhpl53 1512626257
EN hazarddetectionunit NULL C:/Users/nuonuo/Desktop/yjn/resolution/cpu/HazardDetectionUnit.vhd sub00/vhpl28 1512626230
AR rdmux behavioral C:/Users/nuonuo/Desktop/yjn/resolution/cpu/RdMux.vhd sub00/vhpl07 1512581879
AR forwardcontroller behavioral C:/Users/thinkpad/Desktop/resolution/cpu/ForwardController.vhd sub00/vhpl21 1512529966
AR bmux behavioral C:/Users/thinkpad/Desktop/resolution/cpu/BMux.vhd sub00/vhpl19 1512491577
EN structconflictunit NULL C:/Users/nuonuo/Desktop/yjn/resolution/cpu/StructConflictUnit.vhd sub00/vhpl36 1512626238
AR alumuxa behavioral C:/Users/nuonuo/Desktop/yjn/resolution/cpu/ALUMuxA.vhd sub00/vhpl17 1512626219
AR exmemregisters behavioral C:/Users/thinkpad/Desktop/resolution/cpu/ExMemRegisters.vhd sub00/vhpl25 1512506034
AR mfpcmux behavioral C:/Users/nuonuo/Desktop/yjn/resolution/cpu/MFPCMux.vhd sub00/vhpl39 1512626241
EN pcmux NULL C:/Users/nuonuo/Desktop/yjn/resolution/cpu/PCMux.vhd sub00/vhpl30 1512626232
AR readreg1mux behavioral C:/Users/nuonuo/Desktop/yjn/resolution/cpu/ReadReg1Mux.vhd sub00/vhpl41 1512626243
EN fontrom NULL C:/Users/nuonuo/Desktop/yjn/resolution/cpu/ipcore_dir/fontRom.vhd sub00/vhpl46 1512626248
EN mfpcmux NULL C:/Users/nuonuo/Desktop/yjn/resolution/cpu/MFPCMux.vhd sub00/vhpl38 1512626240
EN writedatamux NULL C:/Users/thinkpad/Desktop/resolution/cpu/WriteDataMux.vhd sub00/vhpl48 1512492891
AR structconflictunit behavioral C:/Users/nuonuo/Desktop/yjn/resolution/cpu/StructConflictUnit.vhd sub00/vhpl37 1512626239
AR forwardingunit behavioral C:/Users/nuonuo/Desktop/yjn/resolution/cpu/ForwardingUnit.vhd sub00/vhpl65 1512626223
EN exmemregisters NULL C:/Users/thinkpad/Desktop/resolution/cpu/ExMemRegisters.vhd sub00/vhpl24 1512506033
EN rdmux NULL C:/Users/nuonuo/Desktop/yjn/resolution/cpu/RdMux.vhd sub00/vhpl06 1512581878
EN readreg1mux NULL C:/Users/nuonuo/Desktop/yjn/resolution/cpu/ReadReg1Mux.vhd sub00/vhpl40 1512626242
EN vga_controller NULL C:/Users/nuonuo/Desktop/yjn/resolution/cpu/VGA_Controller.vhd sub00/vhpl44 1512626246
EN pcregister NULL C:/Users/nuonuo/Desktop/yjn/resolution/cpu/PCRegister.vhd sub00/vhpl00 1512626202
AR alu behavioral C:/Users/nuonuo/Desktop/yjn/resolution/cpu/ALU.vhd sub00/vhpl23 1512626225
AR pcincrementer behavioral C:/Users/nuonuo/Desktop/yjn/resolution/cpu/PCIncrementer.vhd sub00/vhpl59 1512626205
AR idexeregisters behavioral C:/Users/nuonuo/Desktop/yjn/resolution/cpu/IdExeRegisters.vhd sub00/vhpl67 1512626217
EN forwardcontroller NULL C:/Users/thinkpad/Desktop/resolution/cpu/ForwardController.vhd sub00/vhpl20 1512529965
EN immeextendunit NULL C:/Users/nuonuo/Desktop/yjn/resolution/cpu/ImmeExtendUnit.vhd sub00/vhpl12 1512626214
EN controller NULL C:/Users/nuonuo/Desktop/yjn/resolution/cpu/Controller.vhd sub00/vhpl08 1512626210
EN memwritedatamux NULL C:/Users/nuonuo/Desktop/yjn/resolution/cpu/MemWriteDataMux.vhd sub00/vhpl56 1512626250
AR readreg2mux behavioral C:/Users/nuonuo/Desktop/yjn/resolution/cpu/ReadReg2Mux.vhd sub00/vhpl43 1512626245
AR memwbregisters behavioral C:/Users/nuonuo/Desktop/yjn/resolution/cpu/MemWbRegisters.vhd sub00/vhpl27 1512626229
AR pcbranchadder behavioral C:/Users/nuonuo/Desktop/yjn/resolution/cpu/PCBranchAdder.vhd sub00/vhpl61 1512626253
EN readdstmux NULL C:/Users/nuonuo/Desktop/yjn/resolution/cpu/RdMux.vhd sub00/vhpl68 1512626208
AR controller behavioral C:/Users/nuonuo/Desktop/yjn/resolution/cpu/Controller.vhd sub00/vhpl09 1512626211
EN alumuxa NULL C:/Users/nuonuo/Desktop/yjn/resolution/cpu/ALUMuxA.vhd sub00/vhpl16 1512626218
AR writedatamux behavioral C:/Users/thinkpad/Desktop/resolution/cpu/WriteDataMux.vhd sub00/vhpl49 1512492892
EN alumuxb NULL C:/Users/nuonuo/Desktop/yjn/resolution/cpu/ALUMuxB.vhd sub00/vhpl54 1512626220
EN registers NULL C:/Users/nuonuo/Desktop/yjn/resolution/cpu/Registers.vhd sub00/vhpl10 1512626212
EN alu NULL C:/Users/nuonuo/Desktop/yjn/resolution/cpu/ALU.vhd sub00/vhpl22 1512626224
AR alumuxb behavioral C:/Users/nuonuo/Desktop/yjn/resolution/cpu/ALUMuxB.vhd sub00/vhpl55 1512626221
AR immeextendunit behavioral C:/Users/nuonuo/Desktop/yjn/resolution/cpu/ImmeExtendUnit.vhd sub00/vhpl13 1512626215
